1334923, Alice, 24, 13000.4, 1.24, 1984-04-08, 2007-05-04 08:02:11.453, 08:02:11
1983434, Bob, 54, 14000.9, 1.10, 1987-04-08, 2008-06-04 08:02:11.564, 09:04:11
1934889, John, 34, 14045.9, 1.15, 1989-08-24, 2010-07-12 11:02:11.987, 09:34:45