133499892,Alice  ,24,13000.445458987645,1.249434,1984-04-08,2007-05-04 08:02:11.0,08:02:11,2000-04-01,24
133499834,  Bob,25,840,1.1785,1987-04-08,2008-06-04 08:02:11.566,09:04:11.800,2000-04-01,1
133493498,John,34,14045.9,1.15,1989-08-24,2010-07-12 11:02:11.800,09:34:45.560,2000-07-01,15
,,,,,,,,,
,,,,,,,,,
,,,,,,,,,
,,,,,,,,,
,,,,,,,,,
,,,,,,,,,
